0 verbose cli C:\Program Files\nodejs\node.exe C:\Program Files\nodejs\node_modules\npm\bin\npm-cli.js
1 info using npm@11.9.0
2 info using node@v24.14.0
3 silly config load:file:C:\Program Files\nodejs\node_modules\npm\npmrc
4 silly config load:file:C:\Users\dimli\Desktop\新建文件夹\choose-main\backend\.npmrc
5 silly config load:file:C:\Users\dimli\.npmrc
6 silly config load:file:C:\Program Files\nodejs\node_global\etc\npmrc
7 verbose title npm install
8 verbose argv "install"
9 verbose logfile logs-max:10 dir:C:\Users\dimli\Desktop\新建文件夹\choose-main\backend\.npm-cache\_logs\2026-04-11T07_44_00_486Z-
10 verbose logfile C:\Users\dimli\Desktop\新建文件夹\choose-main\backend\.npm-cache\_logs\2026-04-11T07_44_00_486Z-debug-0.log
11 silly logfile start cleaning logs, removing 1 files
12 silly packumentCache heap:4496293888 maxSize:1124073472 maxEntrySize:562036736
13 silly idealTree buildDeps
14 silly fetch manifest @aws-sdk/client-s3@^3.668.0
15 silly packumentCache full:https://registry.npmjs.org/@aws-sdk%2fclient-s3 cache-miss
16 silly logfile done cleaning log files
17 http fetch GET 200 https://registry.npmjs.org/@aws-sdk%2fclient-s3 1842ms (cache revalidated)
18 silly packumentCache full:https://registry.npmjs.org/@aws-sdk%2fclient-s3 set size:3715236 disposed:false
19 silly fetch manifest drizzle-kit@^0.31.1
20 silly packumentCache full:https://registry.npmjs.org/drizzle-kit cache-miss
21 http fetch GET 200 https://registry.npmjs.org/drizzle-kit 307ms (cache revalidated)
22 silly packumentCache full:https://registry.npmjs.org/drizzle-kit set size:6092170 disposed:false
23 silly fetch manifest drizzle-zod@^0.7.1
24 silly packumentCache full:https://registry.npmjs.org/drizzle-zod cache-miss
25 http fetch GET 200 https://registry.npmjs.org/drizzle-zod 302ms (cache revalidated)
26 silly packumentCache full:https://registry.npmjs.org/drizzle-zod set size:3737519 disposed:false
27 silly fetch manifest drizzle-orm@^0.32.0
28 silly packumentCache full:https://registry.npmjs.org/drizzle-orm cache-miss
