0 verbose cli C:\Program Files\nodejs\node.exe C:\Program Files\nodejs\node_modules\npm\bin\npm-cli.js
1 info using npm@11.9.0
2 info using node@v24.14.0
3 silly config load:file:C:\Program Files\nodejs\node_modules\npm\npmrc
4 silly config load:file:C:\Users\dimli\Desktop\新建文件夹\choose-main\backend\.npmrc
5 silly config load:file:C:\Users\dimli\.npmrc
6 silly config load:file:C:\Program Files\nodejs\node_global\etc\npmrc
7 verbose title npm install
8 verbose argv "install" "--loglevel" "verbose"
9 verbose logfile logs-max:10 dir:C:\Users\dimli\Desktop\新建文件夹\choose-main\backend\.npm-cache\_logs\2026-04-11T07_52_49_209Z-
10 verbose logfile C:\Users\dimli\Desktop\新建文件夹\choose-main\backend\.npm-cache\_logs\2026-04-11T07_52_49_209Z-debug-0.log
11 silly logfile start cleaning logs, removing 1 files
12 silly packumentCache heap:4496293888 maxSize:1124073472 maxEntrySize:562036736
13 silly idealTree buildDeps
14 silly fetch manifest @aws-sdk/client-s3@^3.668.0
15 silly packumentCache full:https://registry.npmjs.org/@aws-sdk%2fclient-s3 cache-miss
16 silly logfile done cleaning log files
17 http cache https://registry.npmjs.org/@aws-sdk%2fclient-s3 62ms (cache hit)
18 silly packumentCache full:https://registry.npmjs.org/@aws-sdk%2fclient-s3 set size:3715236 disposed:false
19 silly fetch manifest drizzle-kit@^0.31.1
20 silly packumentCache full:https://registry.npmjs.org/drizzle-kit cache-miss
21 http cache https://registry.npmjs.org/drizzle-kit 29ms (cache hit)
22 silly packumentCache full:https://registry.npmjs.org/drizzle-kit set size:6092170 disposed:false
23 silly fetch manifest drizzle-zod@^0.7.1
24 silly packumentCache full:https://registry.npmjs.org/drizzle-zod cache-miss
25 http cache https://registry.npmjs.org/drizzle-zod 18ms (cache hit)
26 silly packumentCache full:https://registry.npmjs.org/drizzle-zod set size:3737519 disposed:false
27 silly fetch manifest drizzle-orm@^0.32.0
28 silly packumentCache full:https://registry.npmjs.org/drizzle-orm cache-miss
29 http cache https://registry.npmjs.org/drizzle-orm 249ms (cache hit)
30 silly packumentCache full:https://registry.npmjs.org/drizzle-orm set size:93346780 disposed:false
31 silly fetch manifest drizzle-orm@>=0.36.0
32 silly packumentCache full:https://registry.npmjs.org/drizzle-orm cache-miss
33 http cache https://registry.npmjs.org/drizzle-orm 219ms (cache hit)
34 silly packumentCache full:https://registry.npmjs.org/drizzle-orm set size:93346780 disposed:false
35 silly fetch manifest @aws-sdk/client-rds-data@>=3
36 silly packumentCache full:https://registry.npmjs.org/@aws-sdk%2fclient-rds-data cache-miss
37 http cache https://registry.npmjs.org/@aws-sdk%2fclient-rds-data 32ms (cache hit)
38 silly packumentCache full:https://registry.npmjs.org/@aws-sdk%2fclient-rds-data set size:2702427 disposed:false
39 silly fetch manifest @cloudflare/workers-types@>=3
40 silly packumentCache full:https://registry.npmjs.org/@cloudflare%2fworkers-types cache-miss
41 http cache https://registry.npmjs.org/@cloudflare%2fworkers-types 12ms (cache hit)
42 silly packumentCache full:https://registry.npmjs.org/@cloudflare%2fworkers-types set size:1468745 disposed:false
43 silly fetch manifest @electric-sql/pglite@>=0.1.1
44 silly packumentCache full:https://registry.npmjs.org/@electric-sql%2fpglite cache-miss
45 http cache https://registry.npmjs.org/@electric-sql%2fpglite 18ms (cache hit)
46 silly packumentCache full:https://registry.npmjs.org/@electric-sql%2fpglite set size:303386 disposed:false
47 silly fetch manifest @libsql/client@*
48 silly packumentCache full:https://registry.npmjs.org/@libsql%2fclient cache-miss
49 http cache https://registry.npmjs.org/@libsql%2fclient 9ms (cache hit)
50 silly packumentCache full:https://registry.npmjs.org/@libsql%2fclient set size:377686 disposed:false
51 silly fetch manifest @neondatabase/serverless@>=0.1
52 silly packumentCache full:https://registry.npmjs.org/@neondatabase%2fserverless cache-miss
53 http cache https://registry.npmjs.org/@neondatabase%2fserverless 8ms (cache hit)
54 silly packumentCache full:https://registry.npmjs.org/@neondatabase%2fserverless set size:173277 disposed:false
55 silly fetch manifest @op-engineering/op-sqlite@>=2
56 silly packumentCache full:https://registry.npmjs.org/@op-engineering%2fop-sqlite cache-miss
57 http cache https://registry.npmjs.org/@op-engineering%2fop-sqlite 9ms (cache hit)
58 silly packumentCache full:https://registry.npmjs.org/@op-engineering%2fop-sqlite set size:473439 disposed:false
59 silly fetch manifest @sqlite.org/sqlite-wasm@*
60 silly packumentCache full:https://registry.npmjs.org/@sqlite.org%2fsqlite-wasm cache-miss
61 http cache https://registry.npmjs.org/@sqlite.org%2fsqlite-wasm 8ms (cache hit)
62 silly packumentCache full:https://registry.npmjs.org/@sqlite.org%2fsqlite-wasm set size:226567 disposed:false
63 silly fetch manifest react@*
64 silly packumentCache full:https://registry.npmjs.org/react cache-miss
65 http cache https://registry.npmjs.org/react 23ms (cache hit)
66 silly packumentCache full:https://registry.npmjs.org/react set size:6598084 disposed:false
67 silly fetch manifest react-native@*
68 silly packumentCache full:https://registry.npmjs.org/react-native cache-miss
69 http cache https://registry.npmjs.org/react-native 39ms (cache hit)
70 silly packumentCache full:https://registry.npmjs.org/react-native set size:15097435 disposed:false
71 silly fetch manifest @react-native/jest-preset@0.85.0
72 silly packumentCache full:https://registry.npmjs.org/@react-native%2fjest-preset cache-miss
73 http cache https://registry.npmjs.org/@react-native%2fjest-preset 9ms (cache hit)
74 silly packumentCache full:https://registry.npmjs.org/@react-native%2fjest-preset set size:104978 disposed:false
75 silly fetch manifest @types/react@^19.1.1
76 silly packumentCache full:https://registry.npmjs.org/@types%2freact cache-miss
77 http cache https://registry.npmjs.org/@types%2freact 20ms (cache hit)
78 silly packumentCache full:https://registry.npmjs.org/@types%2freact set size:2588964 disposed:false
79 silly fetch manifest @opentelemetry/api@^1.4.1
80 silly packumentCache full:https://registry.npmjs.org/@opentelemetry%2fapi cache-miss
81 http cache https://registry.npmjs.org/@opentelemetry%2fapi 10ms (cache hit)
82 silly packumentCache full:https://registry.npmjs.org/@opentelemetry%2fapi set size:272855 disposed:false
83 silly fetch manifest @planetscale/database@>=1
84 silly packumentCache full:https://registry.npmjs.org/@planetscale%2fdatabase cache-miss
85 http cache https://registry.npmjs.org/@planetscale%2fdatabase 8ms (cache hit)
86 silly packumentCache full:https://registry.npmjs.org/@planetscale%2fdatabase set size:131439 disposed:false
87 silly fetch manifest @prisma/client@*
88 silly packumentCache full:https://registry.npmjs.org/@prisma%2fclient cache-miss
