0 verbose cli C:\Program Files\nodejs\node.exe C:\Program Files\nodejs\node_modules\npm\bin\npm-cli.js
1 info using npm@11.9.0
2 info using node@v24.14.0
3 silly config load:file:C:\Program Files\nodejs\node_modules\npm\npmrc
4 silly config load:file:C:\Users\dimli\.npmrc
5 silly config load:file:C:\Program Files\nodejs\node_global\etc\npmrc
6 verbose title npm install tsx
7 verbose argv "install" "--global" "tsx"
8 verbose logfile logs-max:10 dir:C:\Users\dimli\Desktop\新建文件夹\choose-main\.npm-cache\_logs\2026-04-11T05_50_16_305Z-
9 verbose logfile C:\Users\dimli\Desktop\新建文件夹\choose-main\.npm-cache\_logs\2026-04-11T05_50_16_305Z-debug-0.log
10 silly packumentCache heap:4496293888 maxSize:1124073472 maxEntrySize:562036736
11 silly logfile done cleaning log files
12 silly idealTree buildDeps
13 silly fetch manifest tsx@*
14 silly packumentCache full:https://registry.npmjs.org/tsx cache-miss
15 http fetch GET 200 https://registry.npmjs.org/tsx 1675ms (cache miss)
16 silly packumentCache full:https://registry.npmjs.org/tsx set size:undefined disposed:false
17 silly placeDep ROOT tsx@4.21.0 OK for:  want: *
18 silly fetch manifest esbuild@~0.27.0
19 silly packumentCache full:https://registry.npmjs.org/esbuild cache-miss
20 silly fetch manifest get-tsconfig@^4.7.5
21 silly packumentCache full:https://registry.npmjs.org/get-tsconfig cache-miss
22 silly fetch manifest fsevents@~2.3.3
23 silly packumentCache full:https://registry.npmjs.org/fsevents cache-miss
24 http fetch GET 200 https://registry.npmjs.org/esbuild 1862ms (cache miss)
25 silly packumentCache full:https://registry.npmjs.org/esbuild set size:undefined disposed:false
26 http fetch GET 200 https://registry.npmjs.org/fsevents 2057ms (cache miss)
27 silly packumentCache full:https://registry.npmjs.org/fsevents set size:undefined disposed:false
28 http fetch GET 200 https://registry.npmjs.org/get-tsconfig 2089ms (cache miss)
29 silly packumentCache full:https://registry.npmjs.org/get-tsconfig set size:undefined disposed:false
30 silly placeDep node_modules/tsx esbuild@0.27.7 OK for: tsx@4.21.0 want: ~0.27.0
31 silly placeDep node_modules/tsx fsevents@2.3.3 OK for: tsx@4.21.0 want: ~2.3.3
32 silly placeDep node_modules/tsx get-tsconfig@4.13.7 OK for: tsx@4.21.0 want: ^4.7.5
33 silly fetch manifest @esbuild/aix-ppc64@0.27.7
34 silly packumentCache full:https://registry.npmjs.org/@esbuild%2faix-ppc64 cache-miss
35 silly fetch manifest @esbuild/linux-arm@0.27.7
36 silly packumentCache full:https://registry.npmjs.org/@esbuild%2flinux-arm cache-miss
37 silly fetch manifest @esbuild/linux-x64@0.27.7
38 silly packumentCache full:https://registry.npmjs.org/@esbuild%2flinux-x64 cache-miss
39 silly fetch manifest @esbuild/sunos-x64@0.27.7
40 silly packumentCache full:https://registry.npmjs.org/@esbuild%2fsunos-x64 cache-miss
41 silly fetch manifest @esbuild/win32-x64@0.27.7
42 silly packumentCache full:https://registry.npmjs.org/@esbuild%2fwin32-x64 cache-miss
43 silly fetch manifest @esbuild/darwin-x64@0.27.7
44 silly packumentCache full:https://registry.npmjs.org/@esbuild%2fdarwin-x64 cache-miss
45 silly fetch manifest @esbuild/linux-ia32@0.27.7
46 silly packumentCache full:https://registry.npmjs.org/@esbuild%2flinux-ia32 cache-miss
47 silly fetch manifest @esbuild/netbsd-x64@0.27.7
48 silly packumentCache full:https://registry.npmjs.org/@esbuild%2fnetbsd-x64 cache-miss
49 silly fetch manifest @esbuild/win32-ia32@0.27.7
50 silly packumentCache full:https://registry.npmjs.org/@esbuild%2fwin32-ia32 cache-miss
51 silly fetch manifest @esbuild/android-arm@0.27.7
52 silly packumentCache full:https://registry.npmjs.org/@esbuild%2fandroid-arm cache-miss
53 silly fetch manifest @esbuild/android-x64@0.27.7
54 silly packumentCache full:https://registry.npmjs.org/@esbuild%2fandroid-x64 cache-miss
55 silly fetch manifest @esbuild/freebsd-x64@0.27.7
56 silly packumentCache full:https://registry.npmjs.org/@esbuild%2ffreebsd-x64 cache-miss
57 silly fetch manifest @esbuild/linux-arm64@0.27.7
58 silly packumentCache full:https://registry.npmjs.org/@esbuild%2flinux-arm64 cache-miss
59 silly fetch manifest @esbuild/linux-ppc64@0.27.7
60 silly packumentCache full:https://registry.npmjs.org/@esbuild%2flinux-ppc64 cache-miss
61 silly fetch manifest @esbuild/linux-s390x@0.27.7
62 silly packumentCache full:https://registry.npmjs.org/@esbuild%2flinux-s390x cache-miss
63 silly fetch manifest @esbuild/openbsd-x64@0.27.7
64 silly packumentCache full:https://registry.npmjs.org/@esbuild%2fopenbsd-x64 cache-miss
65 silly fetch manifest @esbuild/win32-arm64@0.27.7
66 silly packumentCache full:https://registry.npmjs.org/@esbuild%2fwin32-arm64 cache-miss
67 silly fetch manifest @esbuild/darwin-arm64@0.27.7
68 silly packumentCache full:https://registry.npmjs.org/@esbuild%2fdarwin-arm64 cache-miss
69 silly fetch manifest @esbuild/netbsd-arm64@0.27.7
70 silly packumentCache full:https://registry.npmjs.org/@esbuild%2fnetbsd-arm64 cache-miss
71 silly fetch manifest @esbuild/android-arm64@0.27.7
72 silly packumentCache full:https://registry.npmjs.org/@esbuild%2fandroid-arm64 cache-miss
73 silly fetch manifest @esbuild/freebsd-arm64@0.27.7
74 silly packumentCache full:https://registry.npmjs.org/@esbuild%2ffreebsd-arm64 cache-miss
75 silly fetch manifest @esbuild/linux-loong64@0.27.7
76 silly packumentCache full:https://registry.npmjs.org/@esbuild%2flinux-loong64 cache-miss
77 silly fetch manifest @esbuild/linux-riscv64@0.27.7
78 silly packumentCache full:https://registry.npmjs.org/@esbuild%2flinux-riscv64 cache-miss
79 http fetch GET 200 https://registry.npmjs.org/@esbuild%2faix-ppc64 378ms (cache miss)
80 silly packumentCache full:https://registry.npmjs.org/@esbuild%2faix-ppc64 set size:undefined disposed:false
81 silly fetch manifest @esbuild/openbsd-arm64@0.27.7
82 silly packumentCache full:https://registry.npmjs.org/@esbuild%2fopenbsd-arm64 cache-miss
83 http fetch GET 200 https://registry.npmjs.org/@esbuild%2flinux-x64 642ms (cache miss)
84 silly packumentCache full:https://registry.npmjs.org/@esbuild%2flinux-x64 set size:undefined disposed:false
85 silly fetch manifest @esbuild/linux-mips64el@0.27.7
86 silly packumentCache full:https://registry.npmjs.org/@esbuild%2flinux-mips64el cache-miss
87 http fetch GET 200 https://registry.npmjs.org/@esbuild%2flinux-arm 1504ms (cache miss)
88 silly packumentCache full:https://registry.npmjs.org/@esbuild%2flinux-arm set size:undefined disposed:false
89 silly fetch manifest @esbuild/openharmony-arm64@0.27.7
90 silly packumentCache full:https://registry.npmjs.org/@esbuild%2fopenharmony-arm64 cache-miss
91 http fetch GET 200 https://registry.npmjs.org/@esbuild%2flinux-s390x 1651ms (cache miss)
92 silly packumentCache full:https://registry.npmjs.org/@esbuild%2flinux-s390x set size:undefined disposed:false
93 silly fetch manifest resolve-pkg-maps@^1.0.0
94 silly packumentCache full:https://registry.npmjs.org/resolve-pkg-maps cache-miss
95 http fetch GET 200 https://registry.npmjs.org/@esbuild%2fopenbsd-x64 2011ms (cache miss)
96 silly packumentCache full:https://registry.npmjs.org/@esbuild%2fopenbsd-x64 set size:undefined disposed:false
97 http fetch GET 200 https://registry.npmjs.org/@esbuild%2fnetbsd-arm64 2014ms (cache miss)
98 silly packumentCache full:https://registry.npmjs.org/@esbuild%2fnetbsd-arm64 set size:undefined disposed:false
99 http fetch GET 200 https://registry.npmjs.org/@esbuild%2fwin32-x64 2025ms (cache miss)
100 silly packumentCache full:https://registry.npmjs.org/@esbuild%2fwin32-x64 set size:undefined disposed:false
101 http fetch GET 200 https://registry.npmjs.org/@esbuild%2flinux-ia32 2081ms (cache miss)
102 silly packumentCache full:https://registry.npmjs.org/@esbuild%2flinux-ia32 set size:undefined disposed:false
103 http fetch GET 200 https://registry.npmjs.org/@esbuild%2ffreebsd-x64 2381ms (cache miss)
104 silly packumentCache full:https://registry.npmjs.org/@esbuild%2ffreebsd-x64 set size:undefined disposed:false
105 http fetch GET 200 https://registry.npmjs.org/@esbuild%2flinux-ppc64 2605ms (cache miss)
106 silly packumentCache full:https://registry.npmjs.org/@esbuild%2flinux-ppc64 set size:undefined disposed:false
107 http fetch GET 200 https://registry.npmjs.org/@esbuild%2fsunos-x64 2642ms (cache miss)
108 silly packumentCache full:https://registry.npmjs.org/@esbuild%2fsunos-x64 set size:undefined disposed:false
109 http fetch GET 200 https://registry.npmjs.org/@esbuild%2fopenbsd-arm64 2301ms (cache miss)
110 silly packumentCache full:https://registry.npmjs.org/@esbuild%2fopenbsd-arm64 set size:undefined disposed:false
111 http fetch GET 200 https://registry.npmjs.org/@esbuild%2fdarwin-arm64 2697ms (cache miss)
112 silly packumentCache full:https://registry.npmjs.org/@esbuild%2fdarwin-arm64 set size:undefined disposed:false
113 http fetch GET 200 https://registry.npmjs.org/@esbuild%2fwin32-ia32 2743ms (cache miss)
114 silly packumentCache full:https://registry.npmjs.org/@esbuild%2fwin32-ia32 set size:undefined disposed:false
115 http fetch GET 200 https://registry.npmjs.org/@esbuild%2flinux-riscv64 2981ms (cache miss)
116 silly packumentCache full:https://registry.npmjs.org/@esbuild%2flinux-riscv64 set size:undefined disposed:false
117 http fetch GET 200 https://registry.npmjs.org/@esbuild%2flinux-loong64 3079ms (cache miss)
118 silly packumentCache full:https://registry.npmjs.org/@esbuild%2flinux-loong64 set size:undefined disposed:false
119 http fetch GET 200 https://registry.npmjs.org/@esbuild%2ffreebsd-arm64 3168ms (cache miss)
120 silly packumentCache full:https://registry.npmjs.org/@esbuild%2ffreebsd-arm64 set size:undefined disposed:false
121 http fetch GET 200 https://registry.npmjs.org/@esbuild%2fopenharmony-arm64 1731ms (cache miss)
122 silly packumentCache full:https://registry.npmjs.org/@esbuild%2fopenharmony-arm64 set size:undefined disposed:false
123 http fetch GET 200 https://registry.npmjs.org/@esbuild%2fwin32-arm64 3622ms (cache miss)
124 silly packumentCache full:https://registry.npmjs.org/@esbuild%2fwin32-arm64 set size:undefined disposed:false
125 http fetch GET 200 https://registry.npmjs.org/@esbuild%2flinux-mips64el 3014ms (cache miss)
126 silly packumentCache full:https://registry.npmjs.org/@esbuild%2flinux-mips64el set size:undefined disposed:false
127 http fetch GET 200 https://registry.npmjs.org/@esbuild%2fandroid-arm64 3819ms (cache miss)
128 silly packumentCache full:https://registry.npmjs.org/@esbuild%2fandroid-arm64 set size:undefined disposed:false
129 http fetch GET 200 https://registry.npmjs.org/resolve-pkg-maps 2222ms (cache miss)
130 silly packumentCache full:https://registry.npmjs.org/resolve-pkg-maps set size:undefined disposed:false
131 http fetch GET 200 https://registry.npmjs.org/@esbuild%2flinux-arm64 4529ms (cache miss)
132 silly packumentCache full:https://registry.npmjs.org/@esbuild%2flinux-arm64 set size:undefined disposed:false
133 http fetch GET 200 https://registry.npmjs.org/@esbuild%2fandroid-x64 4534ms (cache miss)
134 silly packumentCache full:https://registry.npmjs.org/@esbuild%2fandroid-x64 set size:undefined disposed:false
135 http fetch GET 200 https://registry.npmjs.org/@esbuild%2fnetbsd-x64 4940ms (cache miss)
136 silly packumentCache full:https://registry.npmjs.org/@esbuild%2fnetbsd-x64 set size:undefined disposed:false
137 http fetch GET 200 https://registry.npmjs.org/@esbuild%2fdarwin-x64 5099ms (cache miss)
138 silly packumentCache full:https://registry.npmjs.org/@esbuild%2fdarwin-x64 set size:undefined disposed:false
